reporting rate after Jun 2020 = 0.5; ever infected by Nov 2021 (actual rollout) = 53.5%
Infections Dec 11 2020 - Nov 30 2021:
  No vaccine          3936568 | by income quartile Poorest  48.2% Q2  48.7% Q3  51.0% Richest  58.9% | BX  42.7% BK  54.4% MN  60.8% QN  48.8% SI  44.9%
  Actual rollout      1380932 | by income quartile Poorest  19.6% Q2  18.5% Q3  18.7% Richest  15.6% | BX  17.7% BK  22.1% MN  15.8% QN  15.0% SI  19.5%
  Uniform             1191492 | by income quartile Poorest  16.1% Q2  15.5% Q3  15.9% Richest  15.1% | BX  14.8% BK  17.6% MN  15.2% QN  13.7% SI  17.8%
  Income-based        1205462 | by income quartile Poorest  15.6% Q2  15.2% Q3  15.8% Richest  16.6% | BX  14.5% BK  17.4% MN  16.7% QN  13.7% SI  17.8%
  Susceptible-first   1187837 | by income quartile Poorest  16.7% Q2  15.9% Q3  15.8% Richest  13.8% | BX  16.9% BK  16.8% MN  13.5% QN  14.2% SI  19.4%
  Hotspot             1158746 | by income quartile Poorest  15.1% Q2  14.8% Q3  15.3% Richest  15.7% | BX  13.9% BK  16.5% MN  15.8% QN  13.8% SI  16.5%
First-dose coverage on Apr 1 2021:
  Actual rollout    Poorest  22.3% Q2  24.9% Q3  25.9% Richest  38.1%
  Uniform           Poorest  26.4% Q2  27.4% Q3  27.2% Richest  29.8%
  Income-based      Poorest  28.3% Q2  28.7% Q3  27.8% Richest  25.9%
  Susceptible-first Poorest  23.8% Q2  24.9% Q3  26.5% Richest  35.7%
  Hotspot           Poorest  28.2% Q2  28.3% Q3  27.6% Richest  26.5%
Fitted ZIP transmission factor vs income (pop-weighted mean by income quartile, per period):
  period 0: Poorest 1.05 Q2 1.05 Q3 1.02 Richest 0.87
  period 1: Poorest 1.07 Q2 1.07 Q3 1.01 Richest 0.85
  period 2: Poorest 1.07 Q2 1.07 Q3 1.01 Richest 0.85
  period 3: Poorest 1.07 Q2 1.07 Q3 1.01 Richest 0.85
  period 4: Poorest 1.07 Q2 1.07 Q3 1.01 Richest 0.85
